
Copyright (C) 1994-2018 Synopsys, Inc.
This Synopsys software and all associated documentation are proprietary to Synopsys, Inc.
and may only be used pursuant to the terms and conditions of a written license agreement
with Synopsys, Inc. All other use, reproduction, modification, or distribution of the
Synopsys software or the associated documentation is strictly prohibited.
Tool: Synplify (R) Premier
Build: O-2018.09-SP1
Install: /vol/synopsys/fpga/O-2018.09-SP1
OS: Red Hat Enterprise Linux 8.10 (Ootpa)
Hostname: batman.ece.northwestern.edu
max virtual memory: unlimited (bytes)
max user processes: 126625
max stack size: 8388608 (bytes)


Implementation : rev_1

# Written on Wed Feb  5 22:44:03 2025

##### DESIGN INFO #######################################################

Top View:                "edge_detect_top"
Constraint File(s):      (none)




##### SUMMARY ############################################################

Found 0 issues in 0 out of 0 constraints


##### DETAILS ############################################################



Clock Relationships
*******************

Starting                Ending                  |     rise to rise     |     fall to fall     |     rise to fall     |     fall to rise                     
-----------------------------------------------------------------------------------------------------------------------------------------------------------
System                  edge_detect_top|clk     |     5.540            |     No paths         |     No paths         |     No paths                         
edge_detect_top|clk     System                  |     5.540            |     No paths         |     No paths         |     No paths                         
edge_detect_top|clk     edge_detect_top|clk     |     5.540            |     No paths         |     No paths         |     No paths                         
===========================================================================================================================================================
 Note: 'No paths' indicates there are no paths in the design for that pair of clock edges.
       'Diff grp' indicates that paths exist but the starting clock and ending clock are in different clock groups.


Unconstrained Start/End Points
******************************

p:blue_in[0]
p:blue_in[1]
p:blue_in[2]
p:blue_in[3]
p:blue_in[4]
p:blue_in[5]
p:blue_in[6]
p:blue_in[7]
p:data_out[0]
p:data_out[1]
p:data_out[2]
p:data_out[3]
p:data_out[4]
p:data_out[5]
p:data_out[6]
p:data_out[7]
p:fifo_in_gray_full
p:green_in[0]
p:green_in[1]
p:green_in[2]
p:green_in[3]
p:green_in[4]
p:green_in[5]
p:green_in[6]
p:green_in[7]
p:out_empty
p:rd_output
p:red_in[0]
p:red_in[1]
p:red_in[2]
p:red_in[3]
p:red_in[4]
p:red_in[5]
p:red_in[6]
p:red_in[7]
p:rst
p:wr_inputs


Inapplicable constraints
************************

(none)


Applicable constraints with issues
**********************************

(none)


Constraints with matching wildcard expressions
**********************************************

(none)


Library Report
**************


# End of Constraint Checker Report
